Archive member included to satisfy reference by file (symbol)

d:/tools/riscv64-toolchain/bin/../lib/gcc/riscv64-unknown-elf/8.3.0/rv32im/ilp32\libgcc.a(_divdi3.o)
                              C:\Users\lizhirui\AppData\Local\Temp\ccKQmLJw.o (__divdi3)
d:/tools/riscv64-toolchain/bin/../lib/gcc/riscv64-unknown-elf/8.3.0/rv32im/ilp32\libgcc.a(_moddi3.o)
                              C:\Users\lizhirui\AppData\Local\Temp\ccr0iEGt.o (__moddi3)
d:/tools/riscv64-toolchain/bin/../lib/gcc/riscv64-unknown-elf/8.3.0/rv32im/ilp32\libgcc.a(_udivdi3.o)
                              C:\Users\lizhirui\AppData\Local\Temp\ccr0iEGt.o (__udivdi3)
d:/tools/riscv64-toolchain/bin/../lib/gcc/riscv64-unknown-elf/8.3.0/rv32im/ilp32\libgcc.a(_umoddi3.o)
                              C:\Users\lizhirui\AppData\Local\Temp\ccr0iEGt.o (__umoddi3)
d:/tools/riscv64-toolchain/bin/../lib/gcc/riscv64-unknown-elf/8.3.0/rv32im/ilp32\libgcc.a(_clz.o)
                              d:/tools/riscv64-toolchain/bin/../lib/gcc/riscv64-unknown-elf/8.3.0/rv32im/ilp32\libgcc.a(_divdi3.o) (__clz_tab)
d:/tools/riscv64-toolchain/bin/../lib/gcc/riscv64-unknown-elf/8.3.0/../../../../riscv64-unknown-elf/lib/rv32im/ilp32\libc.a(lib_a-strcmp.o)
                              C:\Users\lizhirui\AppData\Local\Temp\ccyREAk9.o (strcmp)

Allocating common symbols
Common symbol       size              file

Microseconds        0x8               C:\Users\lizhirui\AppData\Local\Temp\ccr0iEGt.o
Dhrystones_Per_Second
                    0x8               C:\Users\lizhirui\AppData\Local\Temp\ccr0iEGt.o
User_Time           0x8               C:\Users\lizhirui\AppData\Local\Temp\ccr0iEGt.o
Begin_Time          0x8               C:\Users\lizhirui\AppData\Local\Temp\ccr0iEGt.o
Arr_2_Glob          0x2710            C:\Users\lizhirui\AppData\Local\Temp\ccr0iEGt.o
End_Time            0x8               C:\Users\lizhirui\AppData\Local\Temp\ccr0iEGt.o
Next_Ptr_Glob       0x4               C:\Users\lizhirui\AppData\Local\Temp\ccr0iEGt.o
Int_Glob            0x4               C:\Users\lizhirui\AppData\Local\Temp\ccr0iEGt.o
Ch_1_Glob           0x1               C:\Users\lizhirui\AppData\Local\Temp\ccr0iEGt.o
Ch_2_Glob           0x1               C:\Users\lizhirui\AppData\Local\Temp\ccr0iEGt.o
Ptr_Glob            0x4               C:\Users\lizhirui\AppData\Local\Temp\ccr0iEGt.o
Done                0x4               C:\Users\lizhirui\AppData\Local\Temp\ccr0iEGt.o
Arr_1_Glob          0xc8              C:\Users\lizhirui\AppData\Local\Temp\ccr0iEGt.o
Bool_Glob           0x4               C:\Users\lizhirui\AppData\Local\Temp\ccr0iEGt.o

Memory Configuration

Name             Origin             Length             Attributes
ICCM             0x0000000080020000 0x0000000000040000 axw !rl
*default*        0x0000000000000000 0xffffffffffffffff

Linker script and memory map

LOAD C:\Users\lizhirui\AppData\Local\Temp\ccaU4J51.o
LOAD C:\Users\lizhirui\AppData\Local\Temp\ccyREAk9.o
LOAD C:\Users\lizhirui\AppData\Local\Temp\ccr0iEGt.o
LOAD C:\Users\lizhirui\AppData\Local\Temp\ccKQmLJw.o
LOAD d:/tools/riscv64-toolchain/bin/../lib/gcc/riscv64-unknown-elf/8.3.0/../../../../riscv64-unknown-elf/lib/rv32im/ilp32\libm.a
LOAD d:/tools/riscv64-toolchain/bin/../lib/gcc/riscv64-unknown-elf/8.3.0/rv32im/ilp32\libgcc.a
LOAD d:/tools/riscv64-toolchain/bin/../lib/gcc/riscv64-unknown-elf/8.3.0/rv32im/ilp32\libgcc.a
START GROUP
LOAD d:/tools/riscv64-toolchain/bin/../lib/gcc/riscv64-unknown-elf/8.3.0/../../../../riscv64-unknown-elf/lib/rv32im/ilp32\libc.a
LOAD d:/tools/riscv64-toolchain/bin/../lib/gcc/riscv64-unknown-elf/8.3.0/../../../../riscv64-unknown-elf/lib/rv32im/ilp32\libgloss.a
END GROUP
LOAD d:/tools/riscv64-toolchain/bin/../lib/gcc/riscv64-unknown-elf/8.3.0/rv32im/ilp32\libgcc.a
                0x0000000000008000                __stack_size = DEFINED (__stack_size)?__stack_size:0x8000

.text.init      0x0000000080020000       0xe8
 *(.text.init)
 .text.init     0x0000000080020000       0xe8 C:\Users\lizhirui\AppData\Local\Temp\ccaU4J51.o
                0x0000000080020000                _start
                0x00000000800200d4                send_char
                0x00000000800200e8                . = ALIGN (0x4)

.text           0x00000000800200e8     0x53f8
 *(.text.unlikely .text.unlikely.*)
 *(.text.startup .text.startup.*)
 .text.startup  0x00000000800200e8      0xa38 C:\Users\lizhirui\AppData\Local\Temp\ccr0iEGt.o
                0x00000000800200e8                main
 *(.text .text.*)
 .text          0x0000000080020b20        0x0 C:\Users\lizhirui\AppData\Local\Temp\ccaU4J51.o
 .text          0x0000000080020b20      0x22c C:\Users\lizhirui\AppData\Local\Temp\ccyREAk9.o
                0x0000000080020b20                Proc_7
                0x0000000080020b30                Proc_8
                0x0000000080020b98                Func_1
                0x0000000080020bbc                Func_2
                0x0000000080020c94                Func_3
                0x0000000080020ca0                Proc_6
 .text          0x0000000080020d4c      0x6c4 C:\Users\lizhirui\AppData\Local\Temp\ccr0iEGt.o
                0x0000000080020d4c                start_instret
                0x0000000080020dd8                stop_instret
                0x0000000080020e64                get_instret
                0x0000000080020e88                start_branch
                0x0000000080020f80                stop_branch
                0x0000000080021078                get_branch_hit
                0x000000008002109c                get_branch_total
                0x00000000800210c0                start_time
                0x0000000080021150                stop_time
                0x00000000800211e0                get_time
                0x000000008002120c                Proc_2
                0x000000008002123c                Proc_3
                0x0000000080021268                Proc_1
                0x00000000800213c8                Proc_4
                0x00000000800213f8                Proc_5
 .text          0x0000000080021410     0x2e38 C:\Users\lizhirui\AppData\Local\Temp\ccKQmLJw.o
                0x0000000080024070                _putchar
                0x00000000800240b8                printf_
                0x000000008002410c                sprintf_
                0x000000008002415c                snprintf_
                0x00000000800241a8                vprintf_
                0x00000000800241d8                vsnprintf_
                0x00000000800241f4                fctprintf
 .text          0x0000000080024248      0x480 d:/tools/riscv64-toolchain/bin/../lib/gcc/riscv64-unknown-elf/8.3.0/rv32im/ilp32\libgcc.a(_divdi3.o)
                0x0000000080024248                __divdi3
 .text          0x00000000800246c8      0x458 d:/tools/riscv64-toolchain/bin/../lib/gcc/riscv64-unknown-elf/8.3.0/rv32im/ilp32\libgcc.a(_moddi3.o)
                0x00000000800246c8                __moddi3
 .text          0x0000000080024b20      0x434 d:/tools/riscv64-toolchain/bin/../lib/gcc/riscv64-unknown-elf/8.3.0/rv32im/ilp32\libgcc.a(_udivdi3.o)
                0x0000000080024b20                __udivdi3
 .text          0x0000000080024f54      0x410 d:/tools/riscv64-toolchain/bin/../lib/gcc/riscv64-unknown-elf/8.3.0/rv32im/ilp32\libgcc.a(_umoddi3.o)
                0x0000000080024f54                __umoddi3
 .text          0x0000000080025364        0x0 d:/tools/riscv64-toolchain/bin/../lib/gcc/riscv64-unknown-elf/8.3.0/rv32im/ilp32\libgcc.a(_clz.o)
 .text          0x0000000080025364      0x17c d:/tools/riscv64-toolchain/bin/../lib/gcc/riscv64-unknown-elf/8.3.0/../../../../riscv64-unknown-elf/lib/rv32im/ilp32\libc.a(lib_a-strcmp.o)
                0x0000000080025364                strcmp
 *(.gnu.linkonce.t.*)
                0x00000000800254e0                . = ALIGN (0x4)

.rodata         0x00000000800254e0      0x974
 *(.rdata)
 *(.rodata .rodata.*)
 .rodata.str1.4
                0x00000000800254e0      0x694 C:\Users\lizhirui\AppData\Local\Temp\ccr0iEGt.o
                                        0x697 (size before relaxing)
 .rodata        0x0000000080025b74      0x1e0 C:\Users\lizhirui\AppData\Local\Temp\ccKQmLJw.o
 .rodata        0x0000000080025d54      0x100 d:/tools/riscv64-toolchain/bin/../lib/gcc/riscv64-unknown-elf/8.3.0/rv32im/ilp32\libgcc.a(_clz.o)
                0x0000000080025d54                __clz_tab
 *(.gnu.linkonce.r.*)
                0x0000000080025e54                . = ALIGN (0x4)

.eh_frame       0x0000000080025e54       0x64
 .eh_frame      0x0000000080025e54       0x28 d:/tools/riscv64-toolchain/bin/../lib/gcc/riscv64-unknown-elf/8.3.0/rv32im/ilp32\libgcc.a(_divdi3.o)
 .eh_frame      0x0000000080025e7c       0x14 d:/tools/riscv64-toolchain/bin/../lib/gcc/riscv64-unknown-elf/8.3.0/rv32im/ilp32\libgcc.a(_moddi3.o)
                                         0x28 (size before relaxing)
 .eh_frame      0x0000000080025e90       0x14 d:/tools/riscv64-toolchain/bin/../lib/gcc/riscv64-unknown-elf/8.3.0/rv32im/ilp32\libgcc.a(_udivdi3.o)
                                         0x28 (size before relaxing)
 .eh_frame      0x0000000080025ea4       0x14 d:/tools/riscv64-toolchain/bin/../lib/gcc/riscv64-unknown-elf/8.3.0/rv32im/ilp32\libgcc.a(_umoddi3.o)
                                         0x28 (size before relaxing)

.rela.dyn       0x0000000080025eb8        0x0
 .rela.text.init
                0x0000000080025eb8        0x0 C:\Users\lizhirui\AppData\Local\Temp\ccaU4J51.o
 .rela.text     0x0000000080025eb8        0x0 C:\Users\lizhirui\AppData\Local\Temp\ccaU4J51.o
 .rela.text.startup
                0x0000000080025eb8        0x0 C:\Users\lizhirui\AppData\Local\Temp\ccaU4J51.o

.data           0x0000000080025eb8        0x0
 *(.data .data.*)
 .data          0x0000000080025eb8        0x0 C:\Users\lizhirui\AppData\Local\Temp\ccaU4J51.o
 .data          0x0000000080025eb8        0x0 C:\Users\lizhirui\AppData\Local\Temp\ccyREAk9.o
 .data          0x0000000080025eb8        0x0 C:\Users\lizhirui\AppData\Local\Temp\ccr0iEGt.o
 .data          0x0000000080025eb8        0x0 C:\Users\lizhirui\AppData\Local\Temp\ccKQmLJw.o
 .data          0x0000000080025eb8        0x0 d:/tools/riscv64-toolchain/bin/../lib/gcc/riscv64-unknown-elf/8.3.0/rv32im/ilp32\libgcc.a(_divdi3.o)
 .data          0x0000000080025eb8        0x0 d:/tools/riscv64-toolchain/bin/../lib/gcc/riscv64-unknown-elf/8.3.0/rv32im/ilp32\libgcc.a(_moddi3.o)
 .data          0x0000000080025eb8        0x0 d:/tools/riscv64-toolchain/bin/../lib/gcc/riscv64-unknown-elf/8.3.0/rv32im/ilp32\libgcc.a(_udivdi3.o)
 .data          0x0000000080025eb8        0x0 d:/tools/riscv64-toolchain/bin/../lib/gcc/riscv64-unknown-elf/8.3.0/rv32im/ilp32\libgcc.a(_umoddi3.o)
 .data          0x0000000080025eb8        0x0 d:/tools/riscv64-toolchain/bin/../lib/gcc/riscv64-unknown-elf/8.3.0/rv32im/ilp32\libgcc.a(_clz.o)
 .data          0x0000000080025eb8        0x0 d:/tools/riscv64-toolchain/bin/../lib/gcc/riscv64-unknown-elf/8.3.0/../../../../riscv64-unknown-elf/lib/rv32im/ilp32\libc.a(lib_a-strcmp.o)
 *(.gnu.linkonce.d.*)
                0x0000000080025eb8                . = ALIGN (0x4)

.sdata          0x0000000080025eb8        0x0
                0x0000000080025eb8                . = ALIGN (0x4)
                0x00000000800266b8                __global_pointer$ = (. + 0x800)
 *(.sdata .sdata.*)
 *(.gnu.linkonce.s.*)
                0x0000000080025eb8                . = ALIGN (0x4)
 *(.srodata .srodata.*)
                0x0000000080025eb8                . = ALIGN (0x4)
                0x0000000080025eb8                __bss_start = .

.sbss           0x0000000080025eb8       0x44
 *(.sbss .sbss.* .gnu.linkonce.sb.*)
 .sbss          0x0000000080025eb8       0x44 C:\Users\lizhirui\AppData\Local\Temp\ccr0iEGt.o
                0x0000000080025ef8                Reg
 *(.scommon)
                0x0000000080025efc                . = ALIGN (0x4)

.bss            0x0000000080025f00     0x2818
 *(.bss)
 .bss           0x0000000080025f00        0x0 C:\Users\lizhirui\AppData\Local\Temp\ccaU4J51.o
 .bss           0x0000000080025f00        0x0 C:\Users\lizhirui\AppData\Local\Temp\ccyREAk9.o
 .bss           0x0000000080025f00        0x0 C:\Users\lizhirui\AppData\Local\Temp\ccr0iEGt.o
 .bss           0x0000000080025f00        0x0 C:\Users\lizhirui\AppData\Local\Temp\ccKQmLJw.o
 .bss           0x0000000080025f00        0x0 d:/tools/riscv64-toolchain/bin/../lib/gcc/riscv64-unknown-elf/8.3.0/rv32im/ilp32\libgcc.a(_divdi3.o)
 .bss           0x0000000080025f00        0x0 d:/tools/riscv64-toolchain/bin/../lib/gcc/riscv64-unknown-elf/8.3.0/rv32im/ilp32\libgcc.a(_moddi3.o)
 .bss           0x0000000080025f00        0x0 d:/tools/riscv64-toolchain/bin/../lib/gcc/riscv64-unknown-elf/8.3.0/rv32im/ilp32\libgcc.a(_udivdi3.o)
 .bss           0x0000000080025f00        0x0 d:/tools/riscv64-toolchain/bin/../lib/gcc/riscv64-unknown-elf/8.3.0/rv32im/ilp32\libgcc.a(_umoddi3.o)
 .bss           0x0000000080025f00        0x0 d:/tools/riscv64-toolchain/bin/../lib/gcc/riscv64-unknown-elf/8.3.0/rv32im/ilp32\libgcc.a(_clz.o)
 .bss           0x0000000080025f00        0x0 d:/tools/riscv64-toolchain/bin/../lib/gcc/riscv64-unknown-elf/8.3.0/../../../../riscv64-unknown-elf/lib/rv32im/ilp32\libc.a(lib_a-strcmp.o)
                0x0000000080025f00                . = ALIGN (0x4)
 COMMON         0x0000000080025f00     0x2818 C:\Users\lizhirui\AppData\Local\Temp\ccr0iEGt.o
                0x0000000080025f00                Microseconds
                0x0000000080025f08                Dhrystones_Per_Second
                0x0000000080025f10                User_Time
                0x0000000080025f18                Begin_Time
                0x0000000080025f20                Arr_2_Glob
                0x0000000080028630                End_Time
                0x0000000080028638                Next_Ptr_Glob
                0x000000008002863c                Int_Glob
                0x0000000080028640                Ch_1_Glob
                0x0000000080028641                Ch_2_Glob
                0x0000000080028644                Ptr_Glob
                0x0000000080028648                Done
                0x000000008002864c                Arr_1_Glob
                0x0000000080028714                Bool_Glob
                0x0000000080028718                _end = .

.stack          0x0000000080028718     0x8000
                0x0000000080028718                _heap_end = .
                0x0000000080030718                . = (. + __stack_size)
 *fill*         0x0000000080028718     0x8000 
                0x0000000080030718                _sp = .
                0x0000000080030718                __bss_end = .
OUTPUT(dhrystone_app.elf elf32-littleriscv)

.riscv.attributes
                0x0000000000000000       0x21
 .riscv.attributes
                0x0000000000000000       0x1f C:\Users\lizhirui\AppData\Local\Temp\ccaU4J51.o
 .riscv.attributes
                0x000000000000001f       0x21 C:\Users\lizhirui\AppData\Local\Temp\ccyREAk9.o
 .riscv.attributes
                0x0000000000000040       0x21 C:\Users\lizhirui\AppData\Local\Temp\ccr0iEGt.o
 .riscv.attributes
                0x0000000000000061       0x21 C:\Users\lizhirui\AppData\Local\Temp\ccKQmLJw.o
 .riscv.attributes
                0x0000000000000082       0x21 d:/tools/riscv64-toolchain/bin/../lib/gcc/riscv64-unknown-elf/8.3.0/rv32im/ilp32\libgcc.a(_divdi3.o)
 .riscv.attributes
                0x00000000000000a3       0x21 d:/tools/riscv64-toolchain/bin/../lib/gcc/riscv64-unknown-elf/8.3.0/rv32im/ilp32\libgcc.a(_moddi3.o)
 .riscv.attributes
                0x00000000000000c4       0x21 d:/tools/riscv64-toolchain/bin/../lib/gcc/riscv64-unknown-elf/8.3.0/rv32im/ilp32\libgcc.a(_udivdi3.o)
 .riscv.attributes
                0x00000000000000e5       0x21 d:/tools/riscv64-toolchain/bin/../lib/gcc/riscv64-unknown-elf/8.3.0/rv32im/ilp32\libgcc.a(_umoddi3.o)
 .riscv.attributes
                0x0000000000000106       0x21 d:/tools/riscv64-toolchain/bin/../lib/gcc/riscv64-unknown-elf/8.3.0/rv32im/ilp32\libgcc.a(_clz.o)
 .riscv.attributes
                0x0000000000000127       0x1f d:/tools/riscv64-toolchain/bin/../lib/gcc/riscv64-unknown-elf/8.3.0/../../../../riscv64-unknown-elf/lib/rv32im/ilp32\libc.a(lib_a-strcmp.o)

.comment        0x0000000000000000       0x28
 .comment       0x0000000000000000       0x28 C:\Users\lizhirui\AppData\Local\Temp\ccyREAk9.o
                                         0x29 (size before relaxing)
 .comment       0x0000000000000028       0x29 C:\Users\lizhirui\AppData\Local\Temp\ccr0iEGt.o
 .comment       0x0000000000000028       0x29 C:\Users\lizhirui\AppData\Local\Temp\ccKQmLJw.o
 .comment       0x0000000000000028       0x29 d:/tools/riscv64-toolchain/bin/../lib/gcc/riscv64-unknown-elf/8.3.0/rv32im/ilp32\libgcc.a(_divdi3.o)
 .comment       0x0000000000000028       0x29 d:/tools/riscv64-toolchain/bin/../lib/gcc/riscv64-unknown-elf/8.3.0/rv32im/ilp32\libgcc.a(_moddi3.o)
 .comment       0x0000000000000028       0x29 d:/tools/riscv64-toolchain/bin/../lib/gcc/riscv64-unknown-elf/8.3.0/rv32im/ilp32\libgcc.a(_udivdi3.o)
 .comment       0x0000000000000028       0x29 d:/tools/riscv64-toolchain/bin/../lib/gcc/riscv64-unknown-elf/8.3.0/rv32im/ilp32\libgcc.a(_umoddi3.o)
 .comment       0x0000000000000028       0x29 d:/tools/riscv64-toolchain/bin/../lib/gcc/riscv64-unknown-elf/8.3.0/rv32im/ilp32\libgcc.a(_clz.o)

.debug_line     0x0000000000000000     0x8c0b
 .debug_line    0x0000000000000000      0x178 C:\Users\lizhirui\AppData\Local\Temp\ccaU4J51.o
 .debug_line    0x0000000000000178      0x566 C:\Users\lizhirui\AppData\Local\Temp\ccyREAk9.o
 .debug_line    0x00000000000006de     0x191d C:\Users\lizhirui\AppData\Local\Temp\ccr0iEGt.o
 .debug_line    0x0000000000001ffb     0x3b0a C:\Users\lizhirui\AppData\Local\Temp\ccKQmLJw.o
 .debug_line    0x0000000000005b05      0xb51 d:/tools/riscv64-toolchain/bin/../lib/gcc/riscv64-unknown-elf/8.3.0/rv32im/ilp32\libgcc.a(_divdi3.o)
 .debug_line    0x0000000000006656      0xbd1 d:/tools/riscv64-toolchain/bin/../lib/gcc/riscv64-unknown-elf/8.3.0/rv32im/ilp32\libgcc.a(_moddi3.o)
 .debug_line    0x0000000000007227      0xaa8 d:/tools/riscv64-toolchain/bin/../lib/gcc/riscv64-unknown-elf/8.3.0/rv32im/ilp32\libgcc.a(_udivdi3.o)
 .debug_line    0x0000000000007ccf      0xb58 d:/tools/riscv64-toolchain/bin/../lib/gcc/riscv64-unknown-elf/8.3.0/rv32im/ilp32\libgcc.a(_umoddi3.o)
 .debug_line    0x0000000000008827      0x3e4 d:/tools/riscv64-toolchain/bin/../lib/gcc/riscv64-unknown-elf/8.3.0/rv32im/ilp32\libgcc.a(_clz.o)

.debug_info     0x0000000000000000     0x9f28
 .debug_info    0x0000000000000000       0x26 C:\Users\lizhirui\AppData\Local\Temp\ccaU4J51.o
 .debug_info    0x0000000000000026      0xc5a C:\Users\lizhirui\AppData\Local\Temp\ccyREAk9.o
 .debug_info    0x0000000000000c80     0x1bb5 C:\Users\lizhirui\AppData\Local\Temp\ccr0iEGt.o
 .debug_info    0x0000000000002835     0x2156 C:\Users\lizhirui\AppData\Local\Temp\ccKQmLJw.o
 .debug_info    0x000000000000498b     0x127b d:/tools/riscv64-toolchain/bin/../lib/gcc/riscv64-unknown-elf/8.3.0/rv32im/ilp32\libgcc.a(_divdi3.o)
 .debug_info    0x0000000000005c06     0x12d0 d:/tools/riscv64-toolchain/bin/../lib/gcc/riscv64-unknown-elf/8.3.0/rv32im/ilp32\libgcc.a(_moddi3.o)
 .debug_info    0x0000000000006ed6     0x1245 d:/tools/riscv64-toolchain/bin/../lib/gcc/riscv64-unknown-elf/8.3.0/rv32im/ilp32\libgcc.a(_udivdi3.o)
 .debug_info    0x000000000000811b     0x12a3 d:/tools/riscv64-toolchain/bin/../lib/gcc/riscv64-unknown-elf/8.3.0/rv32im/ilp32\libgcc.a(_umoddi3.o)
 .debug_info    0x00000000000093be      0xb6a d:/tools/riscv64-toolchain/bin/../lib/gcc/riscv64-unknown-elf/8.3.0/rv32im/ilp32\libgcc.a(_clz.o)

.debug_abbrev   0x0000000000000000     0x177c
 .debug_abbrev  0x0000000000000000       0x14 C:\Users\lizhirui\AppData\Local\Temp\ccaU4J51.o
 .debug_abbrev  0x0000000000000014      0x296 C:\Users\lizhirui\AppData\Local\Temp\ccyREAk9.o
 .debug_abbrev  0x00000000000002aa      0x37c C:\Users\lizhirui\AppData\Local\Temp\ccr0iEGt.o
 .debug_abbrev  0x0000000000000626      0x3e7 C:\Users\lizhirui\AppData\Local\Temp\ccKQmLJw.o
 .debug_abbrev  0x0000000000000a0d      0x2e4 d:/tools/riscv64-toolchain/bin/../lib/gcc/riscv64-unknown-elf/8.3.0/rv32im/ilp32\libgcc.a(_divdi3.o)
 .debug_abbrev  0x0000000000000cf1      0x2ef d:/tools/riscv64-toolchain/bin/../lib/gcc/riscv64-unknown-elf/8.3.0/rv32im/ilp32\libgcc.a(_moddi3.o)
 .debug_abbrev  0x0000000000000fe0      0x2cc d:/tools/riscv64-toolchain/bin/../lib/gcc/riscv64-unknown-elf/8.3.0/rv32im/ilp32\libgcc.a(_udivdi3.o)
 .debug_abbrev  0x00000000000012ac      0x2e8 d:/tools/riscv64-toolchain/bin/../lib/gcc/riscv64-unknown-elf/8.3.0/rv32im/ilp32\libgcc.a(_umoddi3.o)
 .debug_abbrev  0x0000000000001594      0x1e8 d:/tools/riscv64-toolchain/bin/../lib/gcc/riscv64-unknown-elf/8.3.0/rv32im/ilp32\libgcc.a(_clz.o)

.debug_aranges  0x0000000000000000      0x120
 .debug_aranges
                0x0000000000000000       0x20 C:\Users\lizhirui\AppData\Local\Temp\ccaU4J51.o
 .debug_aranges
                0x0000000000000020       0x20 C:\Users\lizhirui\AppData\Local\Temp\ccyREAk9.o
 .debug_aranges
                0x0000000000000040       0x28 C:\Users\lizhirui\AppData\Local\Temp\ccr0iEGt.o
 .debug_aranges
                0x0000000000000068       0x20 C:\Users\lizhirui\AppData\Local\Temp\ccKQmLJw.o
 .debug_aranges
                0x0000000000000088       0x20 d:/tools/riscv64-toolchain/bin/../lib/gcc/riscv64-unknown-elf/8.3.0/rv32im/ilp32\libgcc.a(_divdi3.o)
 .debug_aranges
                0x00000000000000a8       0x20 d:/tools/riscv64-toolchain/bin/../lib/gcc/riscv64-unknown-elf/8.3.0/rv32im/ilp32\libgcc.a(_moddi3.o)
 .debug_aranges
                0x00000000000000c8       0x20 d:/tools/riscv64-toolchain/bin/../lib/gcc/riscv64-unknown-elf/8.3.0/rv32im/ilp32\libgcc.a(_udivdi3.o)
 .debug_aranges
                0x00000000000000e8       0x20 d:/tools/riscv64-toolchain/bin/../lib/gcc/riscv64-unknown-elf/8.3.0/rv32im/ilp32\libgcc.a(_umoddi3.o)
 .debug_aranges
                0x0000000000000108       0x18 d:/tools/riscv64-toolchain/bin/../lib/gcc/riscv64-unknown-elf/8.3.0/rv32im/ilp32\libgcc.a(_clz.o)

.debug_str      0x0000000000000000      0xff8
 .debug_str     0x0000000000000000       0x4d C:\Users\lizhirui\AppData\Local\Temp\ccaU4J51.o
 .debug_str     0x000000000000004d      0x5e8 C:\Users\lizhirui\AppData\Local\Temp\ccyREAk9.o
                                        0x67d (size before relaxing)
 .debug_str     0x0000000000000635      0x387 C:\Users\lizhirui\AppData\Local\Temp\ccr0iEGt.o
                                        0x935 (size before relaxing)
 .debug_str     0x00000000000009bc      0x16b C:\Users\lizhirui\AppData\Local\Temp\ccKQmLJw.o
                                        0x2cf (size before relaxing)
 .debug_str     0x0000000000000b27      0x422 d:/tools/riscv64-toolchain/bin/../lib/gcc/riscv64-unknown-elf/8.3.0/rv32im/ilp32\libgcc.a(_divdi3.o)
                                        0x8c1 (size before relaxing)
 .debug_str     0x0000000000000f49        0x9 d:/tools/riscv64-toolchain/bin/../lib/gcc/riscv64-unknown-elf/8.3.0/rv32im/ilp32\libgcc.a(_moddi3.o)
                                        0x8c1 (size before relaxing)
 .debug_str     0x0000000000000f52        0xa d:/tools/riscv64-toolchain/bin/../lib/gcc/riscv64-unknown-elf/8.3.0/rv32im/ilp32\libgcc.a(_udivdi3.o)
                                        0x8c2 (size before relaxing)
 .debug_str     0x0000000000000f5c        0xa d:/tools/riscv64-toolchain/bin/../lib/gcc/riscv64-unknown-elf/8.3.0/rv32im/ilp32\libgcc.a(_umoddi3.o)
                                        0x8c2 (size before relaxing)
 .debug_str     0x0000000000000f66       0x92 d:/tools/riscv64-toolchain/bin/../lib/gcc/riscv64-unknown-elf/8.3.0/rv32im/ilp32\libgcc.a(_clz.o)
                                        0x809 (size before relaxing)

.debug_loc      0x0000000000000000     0x63f0
 .debug_loc     0x0000000000000000      0x3f5 C:\Users\lizhirui\AppData\Local\Temp\ccyREAk9.o
 .debug_loc     0x00000000000003f5      0x7eb C:\Users\lizhirui\AppData\Local\Temp\ccr0iEGt.o
 .debug_loc     0x0000000000000be0     0x2f43 C:\Users\lizhirui\AppData\Local\Temp\ccKQmLJw.o
 .debug_loc     0x0000000000003b23      0x96d d:/tools/riscv64-toolchain/bin/../lib/gcc/riscv64-unknown-elf/8.3.0/rv32im/ilp32\libgcc.a(_divdi3.o)
 .debug_loc     0x0000000000004490      0xa27 d:/tools/riscv64-toolchain/bin/../lib/gcc/riscv64-unknown-elf/8.3.0/rv32im/ilp32\libgcc.a(_moddi3.o)
 .debug_loc     0x0000000000004eb7      0xbd0 d:/tools/riscv64-toolchain/bin/../lib/gcc/riscv64-unknown-elf/8.3.0/rv32im/ilp32\libgcc.a(_udivdi3.o)
 .debug_loc     0x0000000000005a87      0x969 d:/tools/riscv64-toolchain/bin/../lib/gcc/riscv64-unknown-elf/8.3.0/rv32im/ilp32\libgcc.a(_umoddi3.o)

.debug_frame    0x0000000000000000      0x418
 .debug_frame   0x0000000000000000       0xb8 C:\Users\lizhirui\AppData\Local\Temp\ccyREAk9.o
 .debug_frame   0x00000000000000b8      0x184 C:\Users\lizhirui\AppData\Local\Temp\ccr0iEGt.o
 .debug_frame   0x000000000000023c      0x1dc C:\Users\lizhirui\AppData\Local\Temp\ccKQmLJw.o

.debug_ranges   0x0000000000000000      0xc58
 .debug_ranges  0x0000000000000000       0xd8 C:\Users\lizhirui\AppData\Local\Temp\ccr0iEGt.o
 .debug_ranges  0x00000000000000d8      0x808 C:\Users\lizhirui\AppData\Local\Temp\ccKQmLJw.o
 .debug_ranges  0x00000000000008e0       0xe8 d:/tools/riscv64-toolchain/bin/../lib/gcc/riscv64-unknown-elf/8.3.0/rv32im/ilp32\libgcc.a(_divdi3.o)
 .debug_ranges  0x00000000000009c8       0xc0 d:/tools/riscv64-toolchain/bin/../lib/gcc/riscv64-unknown-elf/8.3.0/rv32im/ilp32\libgcc.a(_moddi3.o)
 .debug_ranges  0x0000000000000a88      0x100 d:/tools/riscv64-toolchain/bin/../lib/gcc/riscv64-unknown-elf/8.3.0/rv32im/ilp32\libgcc.a(_udivdi3.o)
 .debug_ranges  0x0000000000000b88       0xd0 d:/tools/riscv64-toolchain/bin/../lib/gcc/riscv64-unknown-elf/8.3.0/rv32im/ilp32\libgcc.a(_umoddi3.o)
