
Discarded input sections

 .text          0x0000000000000000        0x0 build\src\main.o
 .data          0x0000000000000000        0x0 build\src\main.o
 .bss           0x0000000000000000        0x0 build\src\main.o
 .text          0x0000000000000000        0x0 build\src\startup.o
 .data          0x0000000000000000        0x0 build\src\startup.o
 .bss           0x0000000000000000        0x0 build\src\startup.o

Memory Configuration

Name             Origin             Length             Attributes
*default*        0x0000000000000000 0xffffffffffffffff

Linker script and memory map

LOAD d:/tools/riscv64-toolchain/bin/../lib/gcc/riscv64-unknown-elf/8.3.0/../../../../riscv64-unknown-elf/lib/rv32im/ilp32\libc.a
LOAD d:/tools/riscv64-toolchain/bin/../lib/gcc/riscv64-unknown-elf/8.3.0/../../../../riscv64-unknown-elf/lib/rv32im/ilp32\libm.a
LOAD build\src\main.o
LOAD build\src\startup.o
LOAD d:/tools/riscv64-toolchain/bin/../lib/gcc/riscv64-unknown-elf/8.3.0/rv32im/ilp32\libgcc.a
START GROUP
LOAD d:/tools/riscv64-toolchain/bin/../lib/gcc/riscv64-unknown-elf/8.3.0/../../../../riscv64-unknown-elf/lib/rv32im/ilp32\libc.a
LOAD d:/tools/riscv64-toolchain/bin/../lib/gcc/riscv64-unknown-elf/8.3.0/../../../../riscv64-unknown-elf/lib/rv32im/ilp32\libgloss.a
END GROUP
LOAD d:/tools/riscv64-toolchain/bin/../lib/gcc/riscv64-unknown-elf/8.3.0/rv32im/ilp32\libgcc.a
                0x0000000080020000                BASE_ADDRESS = 0x80020000
                0x0000000000000400                STACK_SIZE = 0x400
                0x0000000080020000                . = BASE_ADDRESS
                0x0000000080020000                start = .

.text           0x0000000080020000      0x140
                0x0000000080020000                stext = .
 *(.text.entry)
 .text.entry    0x0000000080020000       0xd0 build\src\startup.o
                0x0000000080020000                _start
                0x00000000800200bc                send_char
 *(.text .text.*)
 .text.send_str
                0x00000000800200d0       0x50 build\src\main.o
                0x00000000800200d0                send_str
 .text.main     0x0000000080020120       0x20 build\src\main.o
                0x0000000080020120                main
                0x0000000080020140                etext = .
                0x0000000080020140                . = ALIGN (0x8)

.rodata         0x0000000080020140       0x34
                0x0000000080020140                srodata = .
 *(.rodata .rodata.* .rodata*)
 .rodata        0x0000000080020140       0x34 build\src\main.o
 *(.srodata .srodata.* .srodata*)
                0x0000000080020174                erodata = .

.rela.dyn       0x0000000080020174        0x0
 .rela.text.entry
                0x0000000080020174        0x0 build\src\main.o
                0x0000000080020178                . = ALIGN (0x8)
                0x0000000080020178                . = ALIGN (0x8)

.eh_frame_hdr
 *(.eh_frame_hdr)
 *(.eh_frame_entry)

.eh_frame
 *(.eh_frame)
                0x0000000080020178                . = ALIGN (0x8)

.data           0x0000000080020178        0x0
                0x0000000080020178                sdata = .
 *(.data .data.*)
                0x0000000080020178                . = ALIGN (0x8)
                0x0000000080020978                PROVIDE (__global_pointer$ = (. + 0x800))
 *(.sdata .sdata.*)
                0x0000000080020178                edata = .
                0x0000000080020178                . = ALIGN (0x8)
                0x0000000080020178                __bss_start = .

.bss            0x0000000080020178     0x1e88
                0x0000000080020178                sbss = .
 *(.sbss .sbss.*)
 *(.dynsbss)
 *(.scommon)
 *(.bss .bss.*)
 *(.dynbss)
 *(COMMON)
                0x0000000080021000                . = ALIGN (0x1000)
 *fill*         0x0000000080020178      0xe88 
                [!provide]                        PROVIDE (__stack_start = .)
                0x0000000080021400                . = (. + STACK_SIZE)
 *fill*         0x0000000080021000      0x400 
                0x0000000080021400                . = ALIGN (0x8)
                0x0000000080021400                PROVIDE (__stack_default = .)
                0x0000000080021400                ebss = .
                0x0000000080021400                __bss_end = .
                0x0000000080022000                . = ALIGN (0x1000)
 *fill*         0x0000000080021400      0xc00 
                0x0000000080022000                _heap_start = .
                [!provide]                        PROVIDE (end = .)
OUTPUT(hello_world_app.elf elf32-littleriscv)

.debug_info     0x0000000000000000       0xbf
 .debug_info    0x0000000000000000       0x99 build\src\main.o
 .debug_info    0x0000000000000099       0x26 build\src\startup.o

.debug_abbrev   0x0000000000000000       0xb8
 .debug_abbrev  0x0000000000000000       0xa4 build\src\main.o
 .debug_abbrev  0x00000000000000a4       0x14 build\src\startup.o

.debug_loc      0x0000000000000000       0x4e
 .debug_loc     0x0000000000000000       0x4e build\src\main.o

.debug_aranges  0x0000000000000000       0x48
 .debug_aranges
                0x0000000000000000       0x28 build\src\main.o
 .debug_aranges
                0x0000000000000028       0x20 build\src\startup.o

.debug_ranges   0x0000000000000000       0x18
 .debug_ranges  0x0000000000000000       0x18 build\src\main.o

.debug_line     0x0000000000000000      0x1e7
 .debug_line    0x0000000000000000       0x91 build\src\main.o
 .debug_line    0x0000000000000091      0x156 build\src\startup.o

.debug_str      0x0000000000000000      0x15c
 .debug_str     0x0000000000000000      0x104 build\src\main.o
                                        0x10e (size before relaxing)
 .debug_str     0x0000000000000104       0x58 build\src\startup.o

.comment        0x0000000000000000       0x28
 .comment       0x0000000000000000       0x28 build\src\main.o
                                         0x29 (size before relaxing)

.riscv.attributes
                0x0000000000000000       0x21
 .riscv.attributes
                0x0000000000000000       0x21 build\src\main.o
 .riscv.attributes
                0x0000000000000021       0x1f build\src\startup.o

.debug_frame    0x0000000000000000       0x54
 .debug_frame   0x0000000000000000       0x54 build\src\main.o

Cross Reference Table

Symbol                                            File
__bss_end                                         build\src\startup.o
__bss_start                                       build\src\startup.o
__global_pointer$                                 build\src\startup.o
__stack_default                                   build\src\startup.o
_start                                            build\src\startup.o
main                                              build\src\main.o
                                                  build\src\startup.o
send_char                                         build\src\startup.o
                                                  build\src\main.o
send_str                                          build\src\main.o
